MuBi4True  = 0110 (0x6)
MuBi4False = 1001 (0x9)
--------------------------------------------------------------
 val   | spec-correct(val==True) | actual mubi4_test_true_strict(val)
 0000  |          0               |          0
 0001  |          0               |          0
 0010  |          0               |          0
 0011  |          0               |          0
 0100  |          0               |          0
 0101  |          0               |          0
 0110  |          1               |          1
 0111  |          0               |          1            <== MISMATCH (glitched/invalid value accepted as TRUE)
 1000  |          0               |          0
 1001  |          0               |          0
 1010  |          0               |          0
 1011  |          0               |          0
 1100  |          0               |          0
 1101  |          0               |          0
 1110  |          0               |          0
 1111  |          0               |          0
--------------------------------------------------------------
BUG CONFIRMED: 1 multibit value(s) other than the true MuBi4True encoding are ACCEPTED by the 'strict' true-check.

Fault-injection scenario: single-bit-flip of MuBi4True (0x6) -> glitched value 0x7
EXPLOIT SUCCESSFUL: glitched/invalid MuBi4 value 0x7 passes mubi4_test_true_strict() as TRUE.
- tb.sv:41: Verilog $finish
